=\pretest.json 
{
  _: [],
  f: [
    'c:\\Users\\anu85\\OneDrive\\Desktop\\virtual_lab\\VLab_Anusha\\exp-integrated-4D-design-review-dei\\experiment\\pretest.json'
  ],
  files: [
    'c:\\Users\\anu85\\OneDrive\\Desktop\\virtual_lab\\VLab_Anusha\\exp-integrated-4D-design-review-dei\\experiment\\pretest.json'
  ],
  c: 'assessment',
  contentTypes: 'assessment',
  'content-types': 'assessment',
  '$0': 'validate'
}
Validated true
=\posttest.json 
{
  _: [],
  f: [
    'c:\\Users\\anu85\\OneDrive\\Desktop\\virtual_lab\\VLab_Anusha\\exp-integrated-4D-design-review-dei\\experiment\\posttest.json'
  ],
  files: [
    'c:\\Users\\anu85\\OneDrive\\Desktop\\virtual_lab\\VLab_Anusha\\exp-integrated-4D-design-review-dei\\experiment\\posttest.json'
  ],
  c: 'assessment',
  contentTypes: 'assessment',
  'content-types': 'assessment',
  '$0': 'validate'
}
Validated true
